The push refers to repository [docker.io/brian353/playbook-image-processing]
f5d373a071f5: Waiting
9d0be6a520f5: Waiting
039e6f9f9752: Waiting
e6217f756105: Waiting
56cb17cff159: Waiting
1ab1c0e58e08: Waiting
4088b665d1b0: Waiting
a7d20857b447: Waiting
5561e7ac87e5: Waiting
b55f0961b5b7: Waiting
af40eb6962ce: Waiting
03f9750ee7e6: Waiting
4088b665d1b0: Waiting
a7d20857b447: Waiting
5561e7ac87e5: Waiting
b55f0961b5b7: Waiting
af40eb6962ce: Waiting
03f9750ee7e6: Waiting
f5d373a071f5: Waiting
9d0be6a520f5: Waiting
039e6f9f9752: Waiting
e6217f756105: Waiting
56cb17cff159: Waiting
1ab1c0e58e08: Waiting
039e6f9f9752: Waiting
e6217f756105: Waiting
56cb17cff159: Waiting
1ab1c0e58e08: Waiting
4088b665d1b0: Waiting
a7d20857b447: Waiting
5561e7ac87e5: Waiting
b55f0961b5b7: Waiting
af40eb6962ce: Waiting
03f9750ee7e6: Waiting
f5d373a071f5: Waiting
9d0be6a520f5: Waiting
b55f0961b5b7: Waiting
af40eb6962ce: Waiting
03f9750ee7e6: Waiting
f5d373a071f5: Waiting
9d0be6a520f5: Waiting
039e6f9f9752: Waiting
e6217f756105: Waiting
56cb17cff159: Waiting
1ab1c0e58e08: Waiting
4088b665d1b0: Waiting
a7d20857b447: Waiting
5561e7ac87e5: Waiting
9d0be6a520f5: Waiting
039e6f9f9752: Waiting
e6217f756105: Waiting
56cb17cff159: Waiting
1ab1c0e58e08: Waiting
4088b665d1b0: Waiting
a7d20857b447: Waiting
5561e7ac87e5: Waiting
b55f0961b5b7: Waiting
af40eb6962ce: Waiting
03f9750ee7e6: Waiting
f5d373a071f5: Waiting
b55f0961b5b7: Waiting
af40eb6962ce: Waiting
03f9750ee7e6: Waiting
f5d373a071f5: Waiting
9d0be6a520f5: Waiting
039e6f9f9752: Waiting
e6217f756105: Waiting
56cb17cff159: Waiting
1ab1c0e58e08: Waiting
4088b665d1b0: Waiting
a7d20857b447: Waiting
5561e7ac87e5: Waiting
56cb17cff159: Waiting
1ab1c0e58e08: Waiting
4088b665d1b0: Waiting
a7d20857b447: Waiting
5561e7ac87e5: Waiting
b55f0961b5b7: Waiting
af40eb6962ce: Waiting
03f9750ee7e6: Waiting
f5d373a071f5: Waiting
9d0be6a520f5: Waiting
039e6f9f9752: Waiting
e6217f756105: Waiting
5561e7ac87e5: Waiting
b55f0961b5b7: Waiting
af40eb6962ce: Waiting
03f9750ee7e6: Waiting
f5d373a071f5: Waiting
9d0be6a520f5: Waiting
039e6f9f9752: Waiting
e6217f756105: Waiting
56cb17cff159: Waiting
1ab1c0e58e08: Waiting
4088b665d1b0: Waiting
a7d20857b447: Waiting
f5d373a071f5: Waiting
9d0be6a520f5: Waiting
039e6f9f9752: Waiting
e6217f756105: Waiting
56cb17cff159: Waiting
1ab1c0e58e08: Waiting
4088b665d1b0: Waiting
a7d20857b447: Waiting
5561e7ac87e5: Waiting
b55f0961b5b7: Waiting
af40eb6962ce: Waiting
03f9750ee7e6: Waiting
5561e7ac87e5: Waiting
b55f0961b5b7: Waiting
af40eb6962ce: Waiting
03f9750ee7e6: Waiting
f5d373a071f5: Waiting
9d0be6a520f5: Waiting
039e6f9f9752: Waiting
e6217f756105: Waiting
56cb17cff159: Waiting
1ab1c0e58e08: Waiting
4088b665d1b0: Waiting
a7d20857b447: Waiting
b55f0961b5b7: Waiting
af40eb6962ce: Waiting
03f9750ee7e6: Waiting
f5d373a071f5: Waiting
9d0be6a520f5: Waiting
039e6f9f9752: Waiting
e6217f756105: Waiting
56cb17cff159: Waiting
1ab1c0e58e08: Waiting
4088b665d1b0: Waiting
a7d20857b447: Waiting
5561e7ac87e5: Waiting
af40eb6962ce: Waiting
03f9750ee7e6: Waiting
f5d373a071f5: Waiting
9d0be6a520f5: Waiting
039e6f9f9752: Waiting
e6217f756105: Waiting
56cb17cff159: Waiting
1ab1c0e58e08: Waiting
4088b665d1b0: Waiting
a7d20857b447: Waiting
5561e7ac87e5: Waiting
b55f0961b5b7: Waiting
a7d20857b447: Layer already exists
5561e7ac87e5: Waiting
b55f0961b5b7: Waiting
af40eb6962ce: Waiting
03f9750ee7e6: Waiting
f5d373a071f5: Waiting
9d0be6a520f5: Waiting
039e6f9f9752: Waiting
e6217f756105: Layer already exists
56cb17cff159: Waiting
1ab1c0e58e08: Waiting
4088b665d1b0: Waiting
039e6f9f9752: Waiting
56cb17cff159: Waiting
1ab1c0e58e08: Waiting
4088b665d1b0: Waiting
5561e7ac87e5: Waiting
b55f0961b5b7: Waiting
af40eb6962ce: Waiting
03f9750ee7e6: Waiting
f5d373a071f5: Waiting
9d0be6a520f5: Waiting
56cb17cff159: Waiting
1ab1c0e58e08: Waiting
4088b665d1b0: Waiting
5561e7ac87e5: Waiting
b55f0961b5b7: Waiting
af40eb6962ce: Waiting
03f9750ee7e6: Waiting
f5d373a071f5: Waiting
9d0be6a520f5: Waiting
039e6f9f9752: Waiting
03f9750ee7e6: Layer already exists
f5d373a071f5: Waiting
9d0be6a520f5: Waiting
039e6f9f9752: Waiting
56cb17cff159: Waiting
1ab1c0e58e08: Waiting
4088b665d1b0: Waiting
5561e7ac87e5: Waiting
b55f0961b5b7: Waiting
af40eb6962ce: Layer already exists
5561e7ac87e5: Waiting
b55f0961b5b7: Waiting
f5d373a071f5: Waiting
9d0be6a520f5: Waiting
039e6f9f9752: Waiting
56cb17cff159: Waiting
1ab1c0e58e08: Waiting
4088b665d1b0: Waiting
039e6f9f9752: Waiting
56cb17cff159: Layer already exists
1ab1c0e58e08: Waiting
4088b665d1b0: Layer already exists
5561e7ac87e5: Layer already exists
b55f0961b5b7: Waiting
f5d373a071f5: Waiting
9d0be6a520f5: Waiting
f5d373a071f5: Waiting
9d0be6a520f5: Waiting
039e6f9f9752: Layer already exists
1ab1c0e58e08: Waiting
b55f0961b5b7: Layer already exists
f5d373a071f5: Waiting
9d0be6a520f5: Waiting
1ab1c0e58e08: Waiting
1ab1c0e58e08: Waiting
f5d373a071f5: Waiting
9d0be6a520f5: Waiting
1ab1c0e58e08: Waiting
1ab1c0e58e08: Pushed
9d0be6a520f5: Pushed
f5d373a071f5: Pushed
card-bounds-20261008: digest: sha256:836e3d7cd686b658a6d5610eeeaa72cbfd4d7d37a0c7c35f335f03e325873a6c size: 856
