The push refers to repository [docker.io/brian353/playbook-image-processing]
60d2d83bfdcb: Waiting
af40eb6962ce: Waiting
4088b665d1b0: Waiting
a7d20857b447: Waiting
5561e7ac87e5: Waiting
1b878bc3d839: Waiting
a4a1e76688f1: Waiting
039e6f9f9752: Waiting
b55f0961b5b7: Waiting
03f9750ee7e6: Waiting
e6217f756105: Waiting
56cb17cff159: Waiting
4088b665d1b0: Waiting
a7d20857b447: Waiting
5561e7ac87e5: Waiting
1b878bc3d839: Waiting
a4a1e76688f1: Waiting
039e6f9f9752: Waiting
b55f0961b5b7: Waiting
03f9750ee7e6: Waiting
e6217f756105: Waiting
56cb17cff159: Waiting
60d2d83bfdcb: Waiting
af40eb6962ce: Waiting
1b878bc3d839: Waiting
a4a1e76688f1: Waiting
039e6f9f9752: Waiting
b55f0961b5b7: Waiting
03f9750ee7e6: Waiting
e6217f756105: Waiting
56cb17cff159: Waiting
60d2d83bfdcb: Waiting
af40eb6962ce: Waiting
4088b665d1b0: Waiting
a7d20857b447: Waiting
5561e7ac87e5: Waiting
1b878bc3d839: Waiting
a4a1e76688f1: Waiting
039e6f9f9752: Waiting
b55f0961b5b7: Waiting
03f9750ee7e6: Waiting
e6217f756105: Waiting
56cb17cff159: Waiting
60d2d83bfdcb: Waiting
af40eb6962ce: Waiting
4088b665d1b0: Waiting
a7d20857b447: Waiting
5561e7ac87e5: Waiting
4088b665d1b0: Waiting
a7d20857b447: Waiting
5561e7ac87e5: Waiting
1b878bc3d839: Waiting
a4a1e76688f1: Waiting
039e6f9f9752: Waiting
b55f0961b5b7: Waiting
03f9750ee7e6: Waiting
e6217f756105: Waiting
56cb17cff159: Waiting
60d2d83bfdcb: Waiting
af40eb6962ce: Waiting
e6217f756105: Waiting
56cb17cff159: Waiting
60d2d83bfdcb: Waiting
af40eb6962ce: Waiting
4088b665d1b0: Waiting
a7d20857b447: Waiting
5561e7ac87e5: Waiting
1b878bc3d839: Waiting
a4a1e76688f1: Waiting
039e6f9f9752: Waiting
b55f0961b5b7: Waiting
03f9750ee7e6: Waiting
1b878bc3d839: Waiting
a4a1e76688f1: Waiting
039e6f9f9752: Waiting
b55f0961b5b7: Waiting
03f9750ee7e6: Waiting
e6217f756105: Waiting
56cb17cff159: Waiting
60d2d83bfdcb: Waiting
af40eb6962ce: Waiting
4088b665d1b0: Waiting
a7d20857b447: Waiting
5561e7ac87e5: Waiting
1b878bc3d839: Waiting
a4a1e76688f1: Waiting
039e6f9f9752: Waiting
b55f0961b5b7: Waiting
03f9750ee7e6: Waiting
e6217f756105: Waiting
56cb17cff159: Waiting
60d2d83bfdcb: Waiting
af40eb6962ce: Waiting
4088b665d1b0: Waiting
a7d20857b447: Waiting
5561e7ac87e5: Waiting
4088b665d1b0: Waiting
a7d20857b447: Waiting
5561e7ac87e5: Waiting
1b878bc3d839: Waiting
a4a1e76688f1: Waiting
039e6f9f9752: Waiting
b55f0961b5b7: Waiting
03f9750ee7e6: Waiting
e6217f756105: Waiting
56cb17cff159: Waiting
60d2d83bfdcb: Waiting
af40eb6962ce: Waiting
56cb17cff159: Waiting
60d2d83bfdcb: Waiting
af40eb6962ce: Waiting
4088b665d1b0: Waiting
a7d20857b447: Waiting
5561e7ac87e5: Waiting
1b878bc3d839: Waiting
a4a1e76688f1: Waiting
039e6f9f9752: Waiting
b55f0961b5b7: Waiting
03f9750ee7e6: Waiting
e6217f756105: Waiting
1b878bc3d839: Waiting
a4a1e76688f1: Waiting
039e6f9f9752: Waiting
b55f0961b5b7: Waiting
03f9750ee7e6: Waiting
e6217f756105: Waiting
56cb17cff159: Waiting
60d2d83bfdcb: Waiting
af40eb6962ce: Waiting
4088b665d1b0: Waiting
a7d20857b447: Waiting
5561e7ac87e5: Waiting
039e6f9f9752: Waiting
b55f0961b5b7: Waiting
03f9750ee7e6: Waiting
e6217f756105: Waiting
56cb17cff159: Waiting
60d2d83bfdcb: Waiting
af40eb6962ce: Waiting
4088b665d1b0: Waiting
a7d20857b447: Waiting
5561e7ac87e5: Waiting
1b878bc3d839: Waiting
a4a1e76688f1: Waiting
a4a1e76688f1: Waiting
039e6f9f9752: Waiting
b55f0961b5b7: Waiting
03f9750ee7e6: Waiting
e6217f756105: Waiting
56cb17cff159: Waiting
60d2d83bfdcb: Waiting
af40eb6962ce: Waiting
4088b665d1b0: Waiting
a7d20857b447: Waiting
5561e7ac87e5: Waiting
1b878bc3d839: Waiting
af40eb6962ce: Waiting
4088b665d1b0: Waiting
a7d20857b447: Waiting
5561e7ac87e5: Waiting
1b878bc3d839: Waiting
a4a1e76688f1: Waiting
039e6f9f9752: Waiting
b55f0961b5b7: Waiting
03f9750ee7e6: Waiting
e6217f756105: Waiting
56cb17cff159: Waiting
60d2d83bfdcb: Waiting
1b878bc3d839: Waiting
a4a1e76688f1: Waiting
039e6f9f9752: Waiting
b55f0961b5b7: Layer already exists
03f9750ee7e6: Waiting
e6217f756105: Waiting
56cb17cff159: Waiting
60d2d83bfdcb: Waiting
af40eb6962ce: Waiting
4088b665d1b0: Waiting
a7d20857b447: Waiting
5561e7ac87e5: Waiting
60d2d83bfdcb: Waiting
af40eb6962ce: Waiting
4088b665d1b0: Waiting
a7d20857b447: Waiting
5561e7ac87e5: Waiting
1b878bc3d839: Waiting
a4a1e76688f1: Waiting
039e6f9f9752: Waiting
03f9750ee7e6: Waiting
e6217f756105: Waiting
56cb17cff159: Waiting
4088b665d1b0: Waiting
a7d20857b447: Waiting
5561e7ac87e5: Waiting
1b878bc3d839: Waiting
a4a1e76688f1: Waiting
039e6f9f9752: Waiting
03f9750ee7e6: Waiting
e6217f756105: Waiting
56cb17cff159: Waiting
60d2d83bfdcb: Waiting
af40eb6962ce: Waiting
af40eb6962ce: Waiting
4088b665d1b0: Waiting
a7d20857b447: Waiting
5561e7ac87e5: Waiting
1b878bc3d839: Waiting
a4a1e76688f1: Waiting
039e6f9f9752: Waiting
03f9750ee7e6: Waiting
e6217f756105: Waiting
56cb17cff159: Waiting
60d2d83bfdcb: Waiting
1b878bc3d839: Waiting
a4a1e76688f1: Waiting
039e6f9f9752: Waiting
03f9750ee7e6: Waiting
e6217f756105: Waiting
56cb17cff159: Waiting
60d2d83bfdcb: Waiting
af40eb6962ce: Waiting
4088b665d1b0: Waiting
a7d20857b447: Waiting
5561e7ac87e5: Waiting
60d2d83bfdcb: Waiting
af40eb6962ce: Layer already exists
4088b665d1b0: Waiting
a7d20857b447: Waiting
5561e7ac87e5: Waiting
1b878bc3d839: Waiting
a4a1e76688f1: Waiting
039e6f9f9752: Layer already exists
03f9750ee7e6: Layer already exists
e6217f756105: Waiting
56cb17cff159: Waiting
1b878bc3d839: Waiting
56cb17cff159: Waiting
60d2d83bfdcb: Waiting
4088b665d1b0: Waiting
5561e7ac87e5: Waiting
60d2d83bfdcb: Waiting
4088b665d1b0: Waiting
5561e7ac87e5: Waiting
1b878bc3d839: Waiting
56cb17cff159: Waiting
60d2d83bfdcb: Waiting
5561e7ac87e5: Waiting
1b878bc3d839: Waiting
56cb17cff159: Pushed
1b878bc3d839: Pushed
a7d20857b447: Pushed
a4a1e76688f1: Pushed
60d2d83bfdcb: Pushed
4088b665d1b0: Pushed
e6217f756105: Pushed
5561e7ac87e5: Pushed
cards-20261008: digest: sha256:82881e29303566ae913947b08cda00b41d8d68e4fec4c87ee19974b3814faf66 size: 856
